    Checking cfg-if v1.0.4
    Checking typenum v1.20.1
    Checking stable_deref_trait v1.2.1
    Checking libc v0.2.189
    Checking zeroize v1.9.0
    Checking log v0.4.33
    Checking zerofrom v0.1.8
    Checking itoa v1.0.18
    Checking pin-project-lite v0.2.17
    Checking smallvec v1.15.2
    Checking zerocopy v0.8.56
    Checking yoke v0.8.3
    Checking cpufeatures v0.2.17
    Checking writeable v0.6.4
    Checking memchr v2.8.3
    Checking subtle v2.6.1
    Checking litemap v0.8.3
    Checking bytes v1.12.1
    Checking utf8_iter v1.0.4
    Checking zerovec v0.11.8
    Checking zerotrie v0.2.5
    Checking serde_core v1.0.229
    Checking futures-core v0.3.34
    Checking futures-sink v0.3.34
    Checking cmov v0.5.4
    Checking thiserror v2.0.20
    Checking icu_properties_data v2.3.0
    Checking icu_normalizer_data v2.3.0
    Checking either v1.17.0
    Checking foldhash v0.2.0
    Checking ctutils v0.4.2
    Checking equivalent v1.0.2
    Checking arrayvec v0.7.8
    Checking allocator-api2 v0.2.21
    Checking generic-array v0.14.7
    Checking hybrid-array v0.4.14
    Checking getrandom v0.2.17
    Checking mio v1.2.2
    Checking tinystr v0.8.4
    Checking potential_utf v0.1.6
    Checking icu_collections v2.3.0
    Checking icu_locale_core v2.3.0
    Checking socket2 v0.6.5
    Checking rustls-pki-types v1.15.1
    Checking tokio v1.53.1
    Checking rand_core v0.6.4
    Checking crypto-common v0.1.7
    Checking block-padding v0.3.3
    Checking futures-channel v0.3.34
    Checking crypto-common v0.2.2
    Checking block-buffer v0.12.1
    Checking inout v0.1.4
    Checking inout v0.2.2
    Checking cipher v0.4.4
    Checking byteorder v1.5.0
    Checking tinyvec_macros v0.1.1
    Checking futures-io v0.3.34
    Checking untrusted v0.9.0
    Checking once_cell v1.21.4
    Checking slab v0.4.12
    Checking percent-encoding v2.3.2
    Checking futures-task v0.3.34
    Checking form_urlencoded v1.2.2
    Checking ring v0.17.14
    Checking futures-util v0.3.34
    Checking hash32 v0.3.1
    Checking icu_provider v2.3.0
    Checking tinyvec v1.12.0
    Checking icu_properties v2.3.0
    Checking icu_normalizer v2.3.0
    Checking digest v0.11.3
    Checking hmac v0.13.0
    Checking serde v1.0.229
    Checking cipher v0.5.2
    Checking universal-hash v0.5.1
    Checking block-buffer v0.10.4
    Checking getrandom v0.3.4
    Checking bitcoin-internals v0.6.0
    Checking hashbrown v0.17.1
    Checking hex-conservative v0.2.2
    Checking cpufeatures v0.3.0
    Checking rand_core v0.10.1
    Checking opaque-debug v0.3.1
    Checking bitcoin_hashes v0.14.101
    Checking poly1305 v0.8.0
    Checking getrandom v0.4.3
    Checking rustls-webpki v0.103.14
    Checking sha2 v0.11.0
    Checking idna_adapter v1.2.2
    Checking idna v1.1.0
    Checking lru v0.18.2
    Checking url v2.5.8
    Checking rand_core v0.9.5
    Checking bitcoin-consensus-encoding v1.2.0
    Checking digest v0.10.7
    Checking salsa20 v0.11.0
    Checking secp256k1-sys v0.10.1
    Checking pbkdf2 v0.13.0
    Checking unicode-normalization v0.1.25
    Checking heapless v0.8.0
    Checking zmij v1.0.23
    Checking chacha20 v0.9.1
    Checking aead v0.5.2
    Checking ppv-lite86 v0.2.21
    Checking hex-conservative v1.2.0
    Checking serde_json v1.0.151
    Checking chacha20poly1305 v0.10.1
    Checking scrypt v0.12.0
    Checking secp256k1 v0.30.0
    Checking rustls v0.23.43
    Checking rand v0.10.2
    Checking bitcoin_hashes v1.2.0
    Checking faster-hex v0.10.0
    Checking rand_chacha v0.3.1
    Checking rand_chacha v0.9.0
    Checking aes v0.8.4
    Checking rand v0.8.7
    Checking cbc v0.1.2
    Checking base64 v0.22.1
    Checking opaquerr v0.2.0
    Checking universal-time v0.3.1
    Checking bech32 v0.12.0
    Checking rand v0.9.5
    Checking httparse v1.10.1
    Checking sha1 v0.10.7
    Checking webpki-roots v1.0.9
    Checking http v1.5.0
    Checking data-encoding v2.11.1
    Checking utf-8 v0.7.6
    Checking thiserror v1.0.69
    Checking webpki-roots v0.26.11
    Checking tokio-socks v0.5.3
    Checking tokio-util v0.7.19
    Checking tokio-happy-eyeballs v0.1.0
    Checking bip39 v2.2.2
    Checking futures-executor v0.3.34
    Checking tracing-core v0.1.36
    Checking btreecap v0.1.0
    Checking futures v0.3.34
    Checking tokio-stream v0.1.19
    Checking async-utility v0.3.2
    Checking negentropy v0.5.1
    Checking sha2 v0.10.9
    Checking bitflags v2.13.1
    Checking castaway v0.2.4
    Checking hashbrown v0.16.1
    Checking errno v0.3.14
    Checking tracing v0.1.44
    Checking nostr v0.45.3
    Checking itertools v0.14.0
    Checking static_assertions v1.1.0
   Compiling unicode-segmentation v1.13.3
    Checking unicode-width v0.2.2
    Checking ryu v1.0.23
    Checking compact_str v0.9.1
    Checking signal-hook-registry v1.4.8
   Compiling convert_case v0.10.0
    Checking strum v0.28.0
    Checking kasuari v0.4.12
    Checking nvg-palette v1.0.0 (/home/joao/Documents/Neovanguard-OS-area/neovanguard-os-dev/rust/nvg-palette)
    Checking scopeguard v1.2.0
    Checking critical-section v1.2.0
    Checking lock_api v0.4.14
    Checking signal-hook v0.3.18
    Checking parking_lot_core v0.9.12
    Checking powerfmt v0.2.0
    Checking linux-raw-sys v0.12.1
    Checking num-conv v0.2.2
   Compiling derive_more-impl v2.1.1
    Checking deranged v0.5.8
    Checking tungstenite v0.28.0
    Checking tokio-rustls v0.26.4
    Checking time-core v0.1.9
    Checking num_threads v0.1.7
    Checking parking_lot v0.12.5
    Checking signal-hook-mio v0.2.5
    Checking rustix v1.1.4
    Checking line-clipping v0.3.8
    Checking nvg-theme v1.0.0 (/home/joao/Documents/Neovanguard-OS-area/neovanguard-os-dev/rust/nvg-theme)
    Checking unicode-truncate v2.0.1
    Checking tokio-tungstenite v0.28.0
    Checking ratatui-core v0.1.2
    Checking async-wsocket v0.17.0
    Checking nvg-update v1.0.0 (/home/joao/Documents/Neovanguard-OS-area/neovanguard-os-dev/rust/nvg-update)
    Checking derive_more v2.1.1
    Checking crossterm v0.29.0
    Checking time v0.3.55
    Checking ratatui-crossterm v0.1.2
    Checking ratatui-widgets v0.3.2
    Checking nostr-database v0.45.1
    Checking nostr-gossip v0.45.0
    Checking nostr-memory v0.45.1
    Checking nostr-sdk v0.45.2
    Checking ratatui-macros v0.7.2
    Checking ratatui v0.30.2
    Checking nvg-nostr v1.0.0 (/home/joao/Documents/Neovanguard-OS-area/neovanguard-os-dev/rust/nvg-nostr)
    Checking nvg-nostr-agent v1.0.0 (/home/joao/Documents/Neovanguard-OS-area/neovanguard-os-dev/rust/nvg-nostr-agent)
    Checking nvg-installer v1.0.0 (/home/joao/Documents/Neovanguard-OS-area/neovanguard-os-dev/rust/nvg-installer)
    Finished `dev` profile [unoptimized + debuginfo] target(s) in 24.63s
